---
source: crates/rome_js_analyze/tests/spec_tests.rs
expression: valid.jsx
---
# Input
```js
<Hello firstname="John" lastname="Doe" />;

<label xml:lang="en-US" lang="en-US"></label>

```


